Health: 200 {'status': 'ok', 'environment': 'code_review', 'version': '1.0.0'}

=======================================================
  Task 0 - Silent Bug Detection (Easy)
=======================================================
python : Traceback 
(most recent call 
last):
At line:1 char:1
+ python test_env.py 
> test_output.txt 2>&1
+ ~~~~~~~~~~~~~~~~~~~~
~~~~~~~~~~~~~~~~~~~~~
    + CategoryInfo    
          : NotSpeci  
  fied: (Traceback    
 (most recent call    
 last)::String) [    
], RemoteExceptio    n
    + FullyQualifiedE 
   rrorId : NativeCo  
  mmandError
 
  Code: int average(int sum, int count) {
    return sum / count;
}...
  Reward: 1.0
  Done:   True
  Feedback:
    | Task: Silent Bug Detection (easy)
  File 
"C:\projects\code 
review\test_env.py", 
line 59, in <module>
    print(f"    | 
{line}")
  File "C:\Users\Hp\Ap
pData\Local\Programs\P
ython\Python312\Lib\en
codings\cp1252.py", 
line 19, in encode
    return codecs.char
map_encode(input,self.
errors,encoding_table)
[0]
           ^^^^^^^^^^^
^^^^^^^^^^^^^^^^^^^^^^
^^^^^^^^^^^^^^^^^^^^^^
UnicodeEncodeError: 
'charmap' codec can't 
encode character 
'\u2713' in position 
8: character maps to 
<undefined>
